PÖfUUU  ÐgUUU  ÀfhUUU     key1   value1PÖfUUU  ÐgUUU  ÀfhUUU     key1   value1